C:/TouchGFXProjects/PingPongRed/Core/Src/main.c:966:13:SPI5_Write	16	static
C:/TouchGFXProjects/PingPongRed/Core/Src/main.c:1106:6:StartDefaultTask	8	static
C:/TouchGFXProjects/PingPongRed/Core/Src/main.c:291:6:SystemClock_Config	96	static
C:/TouchGFXProjects/PingPongRed/Core/Src/main.c:184:5:main	128	static
C:/TouchGFXProjects/PingPongRed/Core/Src/main.c:810:6:IOE_Init	0	static
C:/TouchGFXProjects/PingPongRed/Core/Src/main.c:819:6:IOE_ITConfig	0	static
C:/TouchGFXProjects/PingPongRed/Core/Src/main.c:831:6:IOE_Write	32	static
C:/TouchGFXProjects/PingPongRed/Core/Src/main.c:842:9:IOE_Read	32	static
C:/TouchGFXProjects/PingPongRed/Core/Src/main.c:855:10:IOE_ReadMultiple	24	static
C:/TouchGFXProjects/PingPongRed/Core/Src/main.c:864:6:IOE_Delay	0	static
C:/TouchGFXProjects/PingPongRed/Core/Src/main.c:992:6:LCD_IO_Init	8	static
C:/TouchGFXProjects/PingPongRed/Core/Src/main.c:1002:6:LCD_IO_WriteData	16	static
C:/TouchGFXProjects/PingPongRed/Core/Src/main.c:1018:6:LCD_IO_WriteReg	16	static
C:/TouchGFXProjects/PingPongRed/Core/Src/main.c:1037:10:LCD_IO_ReadData	32	static
C:/TouchGFXProjects/PingPongRed/Core/Src/main.c:1064:6:LCD_Delay	0	static
C:/TouchGFXProjects/PingPongRed/Core/Src/main.c:1069:6:HAL_GPIO_EXTI_Callback	8	static
C:/TouchGFXProjects/PingPongRed/Core/Src/main.c:1085:6:HAL_UART_TxCpltCallback	0	static
C:/TouchGFXProjects/PingPongRed/Core/Src/main.c:1089:6:HAL_UART_RxCpltCallback	0	static
C:/TouchGFXProjects/PingPongRed/Core/Src/main.c:1125:6:HAL_TIM_PeriodElapsedCallback	0	static
C:/TouchGFXProjects/PingPongRed/Core/Src/main.c:1142:6:Error_Handler	0	static
