C:/TouchGFXProjects/PingPongRed/Core/Src/main.c:966:13:SPI5_Write	1
C:/TouchGFXProjects/PingPongRed/Core/Src/main.c:1106:6:StartDefaultTask	1
C:/TouchGFXProjects/PingPongRed/Core/Src/main.c:291:6:SystemClock_Config	1
C:/TouchGFXProjects/PingPongRed/Core/Src/main.c:184:5:main	1
C:/TouchGFXProjects/PingPongRed/Core/Src/main.c:810:6:IOE_Init	1
C:/TouchGFXProjects/PingPongRed/Core/Src/main.c:819:6:IOE_ITConfig	1
C:/TouchGFXProjects/PingPongRed/Core/Src/main.c:831:6:IOE_Write	1
C:/TouchGFXProjects/PingPongRed/Core/Src/main.c:842:9:IOE_Read	1
C:/TouchGFXProjects/PingPongRed/Core/Src/main.c:855:10:IOE_ReadMultiple	1
C:/TouchGFXProjects/PingPongRed/Core/Src/main.c:864:6:IOE_Delay	1
C:/TouchGFXProjects/PingPongRed/Core/Src/main.c:992:6:LCD_IO_Init	1
C:/TouchGFXProjects/PingPongRed/Core/Src/main.c:1002:6:LCD_IO_WriteData	1
C:/TouchGFXProjects/PingPongRed/Core/Src/main.c:1018:6:LCD_IO_WriteReg	1
C:/TouchGFXProjects/PingPongRed/Core/Src/main.c:1037:10:LCD_IO_ReadData	1
C:/TouchGFXProjects/PingPongRed/Core/Src/main.c:1064:6:LCD_Delay	1
C:/TouchGFXProjects/PingPongRed/Core/Src/main.c:1069:6:HAL_GPIO_EXTI_Callback	3
C:/TouchGFXProjects/PingPongRed/Core/Src/main.c:1085:6:HAL_UART_TxCpltCallback	1
C:/TouchGFXProjects/PingPongRed/Core/Src/main.c:1089:6:HAL_UART_RxCpltCallback	2
C:/TouchGFXProjects/PingPongRed/Core/Src/main.c:1125:6:HAL_TIM_PeriodElapsedCallback	2
C:/TouchGFXProjects/PingPongRed/Core/Src/main.c:1142:6:Error_Handler	1
