C:/TouchGFXProjects/PingPongRed/Core/Src/stm32f4xx_hal_msp.c:68:6:HAL_MspInit	8	static
C:/TouchGFXProjects/PingPongRed/Core/Src/stm32f4xx_hal_msp.c:93:6:HAL_CRC_MspInit	8	static
C:/TouchGFXProjects/PingPongRed/Core/Src/stm32f4xx_hal_msp.c:116:6:HAL_CRC_MspDeInit	0	static
C:/TouchGFXProjects/PingPongRed/Core/Src/stm32f4xx_hal_msp.c:138:6:HAL_DMA2D_MspInit	16	static
C:/TouchGFXProjects/PingPongRed/Core/Src/stm32f4xx_hal_msp.c:164:6:HAL_DMA2D_MspDeInit	0	static
C:/TouchGFXProjects/PingPongRed/Core/Src/stm32f4xx_hal_msp.c:189:6:HAL_I2C_MspInit	64	static
C:/TouchGFXProjects/PingPongRed/Core/Src/stm32f4xx_hal_msp.c:238:6:HAL_I2C_MspDeInit	8	static
C:/TouchGFXProjects/PingPongRed/Core/Src/stm32f4xx_hal_msp.c:269:6:HAL_LTDC_MspInit	120	static
C:/TouchGFXProjects/PingPongRed/Core/Src/stm32f4xx_hal_msp.c:395:6:HAL_LTDC_MspDeInit	8	static
C:/TouchGFXProjects/PingPongRed/Core/Src/stm32f4xx_hal_msp.c:457:6:HAL_SPI_MspInit	40	static
C:/TouchGFXProjects/PingPongRed/Core/Src/stm32f4xx_hal_msp.c:495:6:HAL_SPI_MspDeInit	0	static
C:/TouchGFXProjects/PingPongRed/Core/Src/stm32f4xx_hal_msp.c:525:6:HAL_UART_MspInit	48	static
C:/TouchGFXProjects/PingPongRed/Core/Src/stm32f4xx_hal_msp.c:602:6:HAL_UART_MspDeInit	8	static
C:/TouchGFXProjects/PingPongRed/Core/Src/stm32f4xx_hal_msp.c:739:6:HAL_SDRAM_MspInit	48	static
C:/TouchGFXProjects/PingPongRed/Core/Src/stm32f4xx_hal_msp.c:825:6:HAL_SDRAM_MspDeInit	8	static
