../../Middlewares/ST/touchgfx/framework/include/touchgfx/Screen.hpp:104:18:virtual void touchgfx::Screen::afterTransition()	0	static
../../Middlewares/ST/touchgfx/framework/include/touchgfx/Screen.hpp:144:18:virtual void touchgfx::Screen::handleTickEvent()	0	static
../../Middlewares/ST/touchgfx/framework/include/touchgfx/Screen.hpp:154:18:virtual void touchgfx::Screen::handleKeyEvent(uint8_t)	0	static
C:/TouchGFXProjects/PingPongBlue/TouchGFX/gui/src/start_screen/StartView.cpp:13:6:virtual void StartView::tearDownScreen()	0	static
../../TouchGFX/gui/include/gui/start_screen/StartView.hpp:11:13:StartView::~StartView()	8	static
../../TouchGFX/gui/include/gui/start_screen/StartView.hpp:11:13:virtual StartView::~StartView()	8	static
C:/TouchGFXProjects/PingPongBlue/TouchGFX/gui/src/start_screen/StartView.cpp:3:1:StartView::StartView()	8	static
C:/TouchGFXProjects/PingPongBlue/TouchGFX/gui/src/start_screen/StartView.cpp:8:6:virtual void StartView::setupScreen()	0	static
